[    0.000000] Linux version 4.15.0-194-generic (buildd@lcy02-amd64-052) (gcc version 7.5.0 (Ubuntu 7.5.0-3ubuntu1~18.04)) #205-Ubuntu SMP Fri Sep 16 19:49:27 UTC 2022 (Ubuntu 4.15.0-194.205-generic 4.15.18)
[    0.000000] Command line: BOOT_IMAGE=/boot/vmlinuz-4.15.0-194-generic root=UUID=64c74dc0-5f8a-4dc1-b109-3d9e2293242d ro console=tty1 console=ttyS0
[    0.000000] KERNEL supported cpus:
[    0.000000]   Intel GenuineIntel
[    0.000000]   AMD AuthenticAMD
[    0.000000]   Centaur CentaurHauls
[    0.000000] x86/fpu: Supporting XSAVE feature 0x001: 'x87 floating point registers'
[    0.000000] x86/fpu: Supporting XSAVE feature 0x002: 'SSE registers'
[    0.000000] x86/fpu: Supporting XSAVE feature 0x004: 'AVX registers'
[    0.000000] x86/fpu: xstate_offset[2]:  576, xstate_sizes[2]:  256
[    0.000000] x86/fpu: Enabled xstate features 0x7, context size is 832 bytes, using 'standard' format.
[    0.000000] e820: BIOS-provided physical RAM map:
[    0.000000] BIOS-e820: [mem 0x0000000000000000-0x000000000009fbff] usable
[    0.000000] BIOS-e820: [mem 0x000000000009fc00-0x000000000009ffff] reserved
[    0.000000] BIOS-e820: [mem 0x00000000000f0000-0x00000000000fffff] reserved
[    0.000000] BIOS-e820: [mem 0x0000000000100000-0x000000007ffeffff] usable
[    0.000000] BIOS-e820: [mem 0x000000007fff0000-0x000000007fffffff] ACPI data
[    0.000000] BIOS-e820: [mem 0x00000000fec00000-0x00000000fec00fff] reserved
[    0.000000] BIOS-e820: [mem 0x00000000fee00000-0x00000000fee00fff] reserved
[    0.000000] BIOS-e820: [mem 0x00000000fffc0000-0x00000000ffffffff] reserved
[    0.000000] NX (Execute Disable) protection: active
[    0.000000] SMBIOS 2.5 present.
[    0.000000] DMI: innotek GmbH VirtualBox/VirtualBox, BIOS VirtualBox 12/01/2006
[    0.000000] Hypervisor detected: KVM
[    0.000000] e820: last_pfn = 0x7fff0 max_arch_pfn = 0x400000000
[    0.000000] MTRR: Disabled
[    0.000000] x86/PAT: MTRRs disabled, skipping PAT initialization too.
[    0.000000] CPU MTRRs all blank - virtualized system.
[    0.000000] x86/PAT: Configuration [0-7]: WB  WT  UC- UC  WB  WT  UC- UC  
[    0.000000] found SMP MP-table at [mem 0x0009fff0-0x0009ffff]
[    0.000000] Scanning 1 areas for low memory corruption
[    0.000000] RAMDISK: [mem 0x3581f000-0x36c06fff]
[    0.000000] ACPI: Early table checksum verification disabled
[    0.000000] ACPI: RSDP 0x00000000000E0000 000024 (v02 VBOX  )
[    0.000000] ACPI: XSDT 0x000000007FFF0030 00003C (v01 VBOX   VBOXXSDT 00000001 ASL  00000061)
[    0.000000] ACPI: FACP 0x000000007FFF00F0 0000F4 (v04 VBOX   VBOXFACP 00000001 ASL  00000061)
[    0.000000] ACPI: DSDT 0x000000007FFF0470 002325 (v02 VBOX   VBOXBIOS 00000002 INTL 20190509)
[    0.000000] ACPI: FACS 0x000000007FFF0200 000040
[    0.000000] ACPI: FACS 0x000000007FFF0200 000040
[    0.000000] ACPI: APIC 0x000000007FFF0240 00005C (v02 VBOX   VBOXAPIC 00000001 ASL  00000061)
[    0.000000] ACPI: SSDT 0x000000007FFF02A0 0001CC (v01 VBOX   VBOXCPUT 00000002 INTL 20190509)
[    0.000000] ACPI: Reserving FACP table memory at [mem 0x7fff00f0-0x7fff01e3]
[    0.000000] ACPI: Reserving DSDT table memory at [mem 0x7fff0470-0x7fff2794]
[    0.000000] ACPI: Reserving FACS table memory at [mem 0x7fff0200-0x7fff023f]
[    0.000000] ACPI: Reserving FACS table memory at [mem 0x7fff0200-0x7fff023f]
[    0.000000] ACPI: Reserving APIC table memory at [mem 0x7fff0240-0x7fff029b]
[    0.000000] ACPI: Reserving SSDT table memory at [mem 0x7fff02a0-0x7fff046b]
[    0.000000] No NUMA configuration found
[    0.000000] Faking a node at [mem 0x0000000000000000-0x000000007ffeffff]
[    0.000000] NODE_DATA(0) allocated [mem 0x7ffc5000-0x7ffeffff]
[    0.000000] kvm-clock: cpu 0, msr 0:7ff44001, primary cpu clock
[    0.000000] kvm-clock: Using msrs 4b564d01 and 4b564d00
[    0.000000] kvm-clock: using sched offset of 3365750651 cycles
[    0.000000] clocksource: kvm-clock: mask: 0xffffffffffffffff max_cycles: 0x1cd42e4dffb, max_idle_ns: 881590591483 ns
[    0.000000] Zone ranges:
[    0.000000]   DMA      [mem 0x0000000000001000-0x0000000000ffffff]
[    0.000000]   DMA32    [mem 0x0000000001000000-0x000000007ffeffff]
[    0.000000]   Normal   empty
[    0.000000]   Device   empty
[    0.000000] Movable zone start for each node
[    0.000000] Early memory node ranges
[    0.000000]   node   0: [mem 0x0000000000001000-0x000000000009efff]
[    0.000000]   node   0: [mem 0x0000000000100000-0x000000007ffeffff]
[    0.000000] Reserved but unavailable: 104 pages
[    0.000000] Initmem setup node 0 [mem 0x0000000000001000-0x000000007ffeffff]
[    0.000000] ACPI: PM-Timer IO Port: 0x4008
[    0.000000] IOAPIC[0]: apic_id 2, version 32, address 0xfec00000, GSI 0-23
[    0.000000] ACPI: INT_SRC_OVR (bus 0 bus_irq 0 global_irq 2 dfl dfl)
[    0.000000] ACPI: INT_SRC_OVR (bus 0 bus_irq 9 global_irq 9 low level)
[    0.000000] Using ACPI (MADT) for SMP configuration information
[    0.000000] smpboot: Allowing 2 CPUs, 0 hotplug CPUs
[    0.000000] PM: Registered nosave memory: [mem 0x00000000-0x00000fff]
[    0.000000] PM: Registered nosave memory: [mem 0x0009f000-0x0009ffff]
[    0.000000] PM: Registered nosave memory: [mem 0x000a0000-0x000effff]
[    0.000000] PM: Registered nosave memory: [mem 0x000f0000-0x000fffff]
[    0.000000] e820: [mem 0x80000000-0xfebfffff] available for PCI devices
[    0.000000] Booting paravirtualized kernel on KVM
[    0.000000] clocksource: refined-jiffies: mask: 0xffffffff max_cycles: 0xffffffff, max_idle_ns: 7645519600211568 ns
[    0.000000] setup_percpu: NR_CPUS:8192 nr_cpumask_bits:2 nr_cpu_ids:2 nr_node_ids:1
[    0.000000] percpu: Embedded 50 pages/cpu s167936 r8192 d28672 u1048576
[    0.000000] PV qspinlock hash table entries: 256 (order: 0, 4096 bytes)
[    0.000000] Built 1 zonelists, mobility grouping on.  Total pages: 515961
[    0.000000] Policy zone: DMA32
[    0.000000] Kernel command line: BOOT_IMAGE=/boot/vmlinuz-4.15.0-194-generic root=UUID=64c74dc0-5f8a-4dc1-b109-3d9e2293242d ro console=tty1 console=ttyS0
[    0.000000] Memory: 2013988K/2096696K available (12300K kernel code, 2477K rwdata, 4320K rodata, 2472K init, 2720K bss, 82708K reserved, 0K cma-reserved)
[    0.000000] SLUB: HWalign=64, Order=0-3, MinObjects=0, CPUs=2, Nodes=1
[    0.000000] Kernel/User page tables isolation: enabled
[    0.000000] ftrace: allocating 39477 entries in 155 pages
[    0.004000] Hierarchical RCU implementation.
[    0.004000] 	RCU restricting CPUs from NR_CPUS=8192 to nr_cpu_ids=2.
[    0.004000] 	Tasks RCU enabled.
[    0.004000] RCU: Adjusting geometry for rcu_fanout_leaf=16, nr_cpu_ids=2
[    0.004000] NR_IRQS: 524544, nr_irqs: 440, preallocated irqs: 16
[    0.004000] random: crng init done
[    0.004000] Console: colour VGA+ 80x25
[    0.004000] console [tty1] enabled
[    0.004000] console [ttyS0] enabled
[    0.004000] ACPI: Core revision 20170831
[    0.004000] ACPI: 2 ACPI AML tables successfully acquired and loaded
[    0.004000] APIC: Switch to symmetric I/O mode setup
[    0.004000] x2apic enabled
[    0.004000] Switched APIC routing to physical x2apic.
[    0.004000] ..TIMER: vector=0x30 apic1=0 pin1=2 apic2=-1 pin2=-1
[    0.004005] tsc: Detected 2903.998 MHz processor
[    0.004818] Calibrating delay loop (skipped) preset value.. 5807.99 BogoMIPS (lpj=11615992)
[    0.005377] pid_max: default: 32768 minimum: 301
[    0.006307] Security Framework initialized
[    0.008004] Yama: becoming mindful.
[    0.008724] AppArmor: AppArmor initialized
[    0.010498] Dentry cache hash table entries: 262144 (order: 9, 2097152 bytes)
[    0.012687] Inode-cache hash table entries: 131072 (order: 8, 1048576 bytes)
[    0.013940] Mount-cache hash table entries: 4096 (order: 3, 32768 bytes)
[    0.015101] Mountpoint-cache hash table entries: 4096 (order: 3, 32768 bytes)
[    0.016274] Last level iTLB entries: 4KB 64, 2MB 8, 4MB 8
[    0.017256] Last level dTLB entries: 4KB 64, 2MB 0, 4MB 0, 1GB 4
[    0.018221] Spectre V1 : Mitigation: usercopy/swapgs barriers and __user pointer sanitization
[    0.019425] Spectre V2 : Mitigation: Retpolines
[    0.020003] Spectre V2 : Spectre v2 / SpectreRSB mitigation: Filling RSB on context switch
[    0.021526] Speculative Store Bypass: Vulnerable
[    0.022454] MDS: Mitigation: Clear CPU buffers
[    0.024004] MMIO Stale Data: Mitigation: Clear CPU buffers
[    0.024853] SRBDS: Unknown: Dependent on hypervisor status
[    0.025978] Freeing SMP alternatives memory: 36K
[    0.137588] smpboot: CPU0: Intel(R) Core(TM) i7-7820HQ CPU @ 2.90GHz (family: 0x6, model: 0x9e, stepping: 0x9)
[    0.139281] Performance Events: unsupported p6 CPU model 158 no PMU driver, software events only.
[    0.140000] Hierarchical SRCU implementation.
[    0.140451] NMI watchdog: Perf event create on CPU 0 failed with -2
[    0.141611] NMI watchdog: Perf NMI watchdog permanently disabled
[    0.142826] smp: Bringing up secondary CPUs ...
[    0.143849] x86: Booting SMP configuration:
[    0.144004] .... node  #0, CPUs:      #1
[    0.004000] kvm-clock: cpu 1, msr 0:7ff44041, secondary cpu clock
[    0.148028] smp: Brought up 1 node, 2 CPUs
[    0.148705] smpboot: Max logical packages: 1
[    0.149372] smpboot: Total of 2 processors activated (11615.99 BogoMIPS)
[    0.150454] devtmpfs: initialized
[    0.150454] x86/mm: Memory block size: 128MB
[    0.152222] evm: security.selinux
[    0.152785] evm: security.SMACK64
[    0.153420] evm: security.SMACK64EXEC
[    0.154022] evm: security.SMACK64TRANSMUTE
[    0.154747] evm: security.SMACK64MMAP
[    0.156005] evm: security.apparmor
[    0.156563] evm: security.ima
[    0.157051] evm: security.capability
[    0.157837] clocksource: jiffies: mask: 0xffffffff max_cycles: 0xffffffff, max_idle_ns: 7645041785100000 ns
[    0.157837] futex hash table entries: 512 (order: 3, 32768 bytes)
[    0.160068] pinctrl core: initialized pinctrl subsystem
[    0.161017] RTC time: 10:33:08, date: 10/21/22
[    0.161881] NET: Registered protocol family 16
[    0.162666] audit: initializing netlink subsys (disabled)
[    0.163458] audit: type=2000 audit(1666348393.876:1): state=initialized audit_enabled=0 res=1
[    0.164065] cpuidle: using governor ladder
[    0.164755] cpuidle: using governor menu
[    0.165502] ACPI: bus type PCI registered
[    0.168005] acpiphp: ACPI Hot Plug PCI Controller Driver version: 0.5
[    0.169176] PCI: Using configuration type 1 for base access
[    0.172053] HugeTLB registered 2.00 MiB page size, pre-allocated 0 pages
[    0.173170] ACPI: Added _OSI(Module Device)
[    0.173170] ACPI: Added _OSI(Processor Device)
[    0.173527] ACPI: Added _OSI(3.0 _SCP Extensions)
[    0.174266] ACPI: Added _OSI(Processor Aggregator Device)
[    0.176013] ACPI: Added _OSI(Linux-Dell-Video)
[    0.176781] ACPI: Added _OSI(Linux-Lenovo-NV-HDMI-Audio)
[    0.177659] ACPI: Added _OSI(Linux-HPI-Hybrid-Graphics)
[    0.178748] ACPI: Executed 1 blocks of module-level executable AML code
[    0.183239] ACPI: Interpreter enabled
[    0.184080] ACPI: (supports S0 S5)
[    0.184707] ACPI: Using IOAPIC for interrupt routing
[    0.185750] PCI: Using host bridge windows from ACPI; if necessary, use "pci=nocrs" and report a bug
[    0.187321] ACPI: Enabled 2 GPEs in block 00 to 07
[    0.194389] ACPI: PCI Root Bridge [PCI0] (domain 0000 [bus 00-ff])
[    0.195612] acpi PNP0A03:00: _OSC: OS supports [ASPM ClockPM Segments MSI]
[    0.196747] acpi PNP0A03:00: _OSC: not requesting OS control; OS requires [ExtendedConfig ASPM ClockPM MSI]
[    0.198737] acpi PNP0A03:00: fail to add MMCONFIG information, can't access extended PCI configuration space under this bridge.
[    0.200542] PCI host bridge to bus 0000:00
[    0.201476] pci_bus 0000:00: root bus resource [io  0x0000-0x0cf7 window]
[    0.204007] pci_bus 0000:00: root bus resource [io  0x0d00-0xffff window]
[    0.205327] pci_bus 0000:00: root bus resource [mem 0x000a0000-0x000bffff window]
[    0.208012] pci_bus 0000:00: root bus resource [mem 0x80000000-0xfdffffff window]
[    0.212014] pci_bus 0000:00: root bus resource [bus 00-ff]
[    0.216749] pci 0000:00:01.1: legacy IDE quirk: reg 0x10: [io  0x01f0-0x01f7]
[    0.218205] pci 0000:00:01.1: legacy IDE quirk: reg 0x14: [io  0x03f6]
[    0.219514] pci 0000:00:01.1: legacy IDE quirk: reg 0x18: [io  0x0170-0x0177]
[    0.220008] pci 0000:00:01.1: legacy IDE quirk: reg 0x1c: [io  0x0376]
[    0.249094] pci 0000:00:07.0: quirk: [io  0x4000-0x403f] claimed by PIIX4 ACPI
[    0.250208] pci 0000:00:07.0: quirk: [io  0x4100-0x410f] claimed by PIIX4 SMB
[    0.269023] ACPI: PCI Interrupt Link [LNKA] (IRQs 5 9 10 *11)
[    0.270936] ACPI: PCI Interrupt Link [LNKB] (IRQs 5 9 *10 11)
[    0.272171] ACPI: PCI Interrupt Link [LNKC] (IRQs 5 *9 10 11)
[    0.273578] ACPI: PCI Interrupt Link [LNKD] (IRQs 5 9 10 *11)
[    0.275282] SCSI subsystem initialized
[    0.276102] pci 0000:00:02.0: vgaarb: setting as boot VGA device
[    0.277283] pci 0000:00:02.0: vgaarb: VGA device added: decodes=io+mem,owns=io+mem,locks=none
[    0.279098] pci 0000:00:02.0: vgaarb: bridge control possible
[    0.280005] vgaarb: loaded
[    0.280640] ACPI: bus type USB registered
[    0.281613] usbcore: registered new interface driver usbfs
[    0.284017] usbcore: registered new interface driver hub
[    0.285212] usbcore: registered new device driver usb
[    0.286412] EDAC MC: Ver: 3.0.0
[    0.286412] PCI: Using ACPI for IRQ routing
[    0.288337] NetLabel: Initializing
[    0.289160] NetLabel:  domain hash size = 128
[    0.290018] NetLabel:  protocols = UNLABELED CIPSOv4 CALIPSO
[    0.292035] NetLabel:  unlabeled traffic allowed by default
[    0.293326] clocksource: Switched to clocksource kvm-clock
[    0.308525] VFS: Disk quotas dquot_6.6.0
[    0.309458] VFS: Dquot-cache hash table entries: 512 (order 0, 4096 bytes)
[    0.310951] AppArmor: AppArmor Filesystem Enabled
[    0.312009] pnp: PnP ACPI init
[    0.314155] pnp: PnP ACPI: found 3 devices
[    0.323419] clocksource: acpi_pm: mask: 0xffffff max_cycles: 0xffffff, max_idle_ns: 2085701024 ns
[    0.324885] NET: Registered protocol family 2
[    0.325728] IP idents hash table entries: 32768 (order: 6, 262144 bytes)
[    0.327215] TCP established hash table entries: 16384 (order: 5, 131072 bytes)
[    0.328512] TCP bind hash table entries: 16384 (order: 6, 262144 bytes)
[    0.330638] TCP: Hash tables configured (established 16384 bind 16384)
[    0.331994] UDP hash table entries: 1024 (order: 3, 32768 bytes)
[    0.333284] UDP-Lite hash table entries: 1024 (order: 3, 32768 bytes)
[    0.334610] NET: Registered protocol family 1
[    0.335414] pci 0000:00:00.0: Limiting direct PCI/PCI transfers
[    0.336444] pci 0000:00:01.0: Activating ISA DMA hang workarounds
[    0.337425] pci 0000:00:02.0: Video device with shadowed ROM at [mem 0x000c0000-0x000dffff]
[    0.338846] Unpacking initramfs...
[    0.687110] Freeing initrd memory: 20384K
[    0.688290] clocksource: tsc: mask: 0xffffffffffffffff max_cycles: 0x29dc03c1beb, max_idle_ns: 440795205215 ns
[    0.689946] platform rtc_cmos: registered platform RTC device (no PNP device found)
[    0.691255] Scanning for low memory corruption every 60 seconds
[    0.692907] Initialise system trusted keyrings
[    0.693745] Key type blacklist registered
[    0.694491] workingset: timestamp_bits=36 max_order=19 bucket_order=0
[    0.696392] zbud: loaded
[    0.697355] squashfs: version 4.0 (2009/01/31) Phillip Lougher
[    0.698357] fuse init (API version 7.26)
[    0.701927] Key type asymmetric registered
[    0.702744] Asymmetric key parser 'x509' registered
[    0.703718] Block layer SCSI generic (bsg) driver version 0.4 loaded (major 246)
[    0.705201] io scheduler noop registered
[    0.705907] io scheduler deadline registered
[    0.706767] io scheduler cfq registered (default)
[    0.707825] ACPI: AC Adapter [AC] (on-line)
[    0.708736] input: Power Button as /devices/LNXSYSTM:00/LNXPWRBN:00/input/input0
[    0.710205] ACPI: Power Button [PWRF]
[    0.711102] input: Sleep Button as /devices/LNXSYSTM:00/LNXSLPBN:00/input/input1
[    0.712355] ACPI: Sleep Button [SLPF]
[    0.714212] ACPI: Battery Slot [BAT0] (battery present)
[    0.715655] Serial: 8250/16550 driver, 32 ports, IRQ sharing enabled
[    0.738478] 00:02: ttyS0 at I/O 0x3f8 (irq = 4, base_baud = 115200) is a 16550A
[    0.743387] Linux agpgart interface v0.103
[    0.746087] loop: module loaded
[    0.747457] scsi host0: ata_piix
[    0.748414] scsi host1: ata_piix
[    0.749160] ata1: PATA max UDMA/33 cmd 0x1f0 ctl 0x3f6 bmdma 0xd000 irq 14
[    0.750463] ata2: PATA max UDMA/33 cmd 0x170 ctl 0x376 bmdma 0xd008 irq 15
[    0.753502] tun: Universal TUN/TAP device driver, 1.6
[    0.755494] PPP generic driver version 2.4.2
[    0.756525] ehci_hcd: USB 2.0 'Enhanced' Host Controller (EHCI) Driver
[    0.757722] ehci-pci: EHCI PCI platform driver
[    0.758669] ehci-platform: EHCI generic platform driver
[    0.759697] ohci_hcd: USB 1.1 'Open' Host Controller (OHCI) Driver
[    0.760979] ohci-pci: OHCI PCI platform driver
[    0.761929] ohci-platform: OHCI generic platform driver
[    0.767071] uhci_hcd: USB Universal Host Controller Interface driver
[    0.768152] i8042: PNP: PS/2 Controller [PNP0303:PS2K,PNP0f03:PS2M] at 0x60,0x64 irq 1,12
[    0.770174] serio: i8042 KBD port at 0x60,0x64 irq 1
[    0.771030] serio: i8042 AUX port at 0x60,0x64 irq 12
[    0.771891] mousedev: PS/2 mouse device common for all mice
[    0.773336] input: AT Translated Set 2 keyboard as /devices/platform/i8042/serio0/input/input2
[    0.774793] rtc_cmos rtc_cmos: rtc core: registered rtc_cmos as rtc0
[    0.775767] rtc_cmos rtc_cmos: alarms up to one day, 114 bytes nvram
[    0.776734] i2c /dev entries driver
[    0.777473] device-mapper: uevent: version 1.0.3
[    0.778355] device-mapper: ioctl: 4.37.0-ioctl (2017-09-20) initialised: dm-devel@redhat.com
[    0.779936] ledtrig-cpu: registered to indicate activity on CPUs
[    0.781245] NET: Registered protocol family 10
[    0.785894] Segment Routing with IPv6
[    0.786534] NET: Registered protocol family 17
[    0.787371] Key type dns_resolver registered
[    0.788249] mce: Using 0 MCE banks
[    0.788801] RAS: Correctable Errors collector initialized.
[    0.789677] sched_clock: Marking stable (788219559, 0)->(952649805, -164430246)
[    0.791419] registered taskstats version 1
[    0.792009] Loading compiled-in X.509 certificates
[    0.795095] Loaded X.509 cert 'Build time autogenerated kernel key: 6303a3b02fa1c7713b8a75ba7ba622fabd5dd271'
[    0.797664] Loaded X.509 cert 'Canonical Ltd. Live Patch Signing: 14df34d1a87cf37625abec039ef2bf521249b969'
[    0.801814] Loaded X.509 cert 'Canonical Ltd. Kernel Module Signing: 88f752e560a1e0737e31163a466ad7b70a850c19'
[    0.804466] blacklist: Loading compiled-in revocation X.509 certificates
[    0.805711] Loaded X.509 cert 'Canonical Ltd. Secure Boot Signing: 61482aa2830d0ab2ad5af10b7250da9033ddcef0'
[    0.807417] zswap: loaded using pool lzo/zbud
[    0.811655] Key type big_key registered
[    0.812425] Key type trusted registered
[    0.815529] Key type encrypted registered
[    0.816687] AppArmor: AppArmor sha1 policy hashing enabled
[    0.817754] ima: No TPM chip found, activating TPM-bypass! (rc=-19)
[    0.818880] ima: Allocated hash algorithm: sha1
[    0.819792] evm: HMAC attrs: 0x1
[    0.820679]   Magic number: 10:691:578
[    0.821453] platform pcspkr: hash matches
[    0.822212] rtc_cmos rtc_cmos: setting system clock to 2022-10-21 10:33:09 UTC (1666348389)
[    0.823809] BIOS EDD facility v0.16 2004-Jun-25, 0 devices found
[    0.824925] EDD information not available.
[    0.935742] Freeing unused kernel image memory: 2472K
[    0.946777] Write protecting the kernel read-only data: 20480k
[    0.948543] Freeing unused kernel image memory: 2008K
[    0.949590] Freeing unused kernel image memory: 1824K
[    0.957408] x86/mm: Checked W+X mappings: passed, no W+X pages found.
[    0.958260] x86/mm: Checking user space page tables
[    0.965342] x86/mm: Checked W+X mappings: passed, no W+X pages found.
Loading, please wait...
starting version 237
[    1.030362] Fusion MPT base driver 3.04.20
[    1.031210] Copyright (c) 1999-2008 LSI Corporation
[    1.035736] e1000: Intel(R) PRO/1000 Network Driver - version 7.3.21-k8-NAPI
[    1.037033] e1000: Copyright (c) 1999-2006 Intel Corporation.
[    1.043584] Fusion MPT SPI Host driver 3.04.20
[    1.060622] AVX2 version of gcm_enc/dec engaged.
[    1.061505] AES CTR mode by8 optimization enabled
[    1.245510] input: ImExPS/2 Generic Explorer Mouse as /devices/platform/i8042/serio1/input/input4
[    1.416000] e1000 0000:00:03.0 eth0: (PCI:33MHz:32-bit) 02:a0:66:c7:c8:08
[    1.417108] e1000 0000:00:03.0 eth0: Intel(R) PRO/1000 Network Connection
[    1.801888] e1000 0000:00:08.0 eth1: (PCI:33MHz:32-bit) 08:00:27:08:5e:13
[    1.803168] e1000 0000:00:08.0 eth1: Intel(R) PRO/1000 Network Connection
[    1.805617] mptbase: ioc0: Initiating bringup
[    1.805829] e1000 0000:00:08.0 enp0s8: renamed from eth1
[    1.825718] e1000 0000:00:03.0 enp0s3: renamed from eth0
[    2.726245] ioc0: LSI53C1030 A0: Capabilities={Initiator}
[    5.163300] scsi host2: ioc0: LSI53C1030 A0, FwRev=00000000h, Ports=1, MaxQ=256, IRQ=20
[    6.710272] scsi 2:0:0:0: Direct-Access     VBOX     HARDDISK         1.0  PQ: 0 ANSI: 5
[    6.744143] scsi target2:0:0: Beginning Domain Validation
[    6.752997] scsi target2:0:0: Domain Validation skipping write tests
[    6.756106] scsi target2:0:0: Ending Domain Validation
[    6.758883] scsi target2:0:0: asynchronous
[    6.763179] scsi 2:0:1:0: Direct-Access     VBOX     HARDDISK         1.0  PQ: 0 ANSI: 5
[    6.796204] scsi target2:0:1: Beginning Domain Validation
[    6.801376] scsi target2:0:1: Domain Validation skipping write tests
[    6.806086] scsi target2:0:1: Ending Domain Validation
[    6.808844] scsi target2:0:1: asynchronous
[    6.823487] sd 2:0:0:0: Attached scsi generic sg0 type 0
[    6.825569] sd 2:0:0:0: [sda] 83886080 512-byte logical blocks: (42.9 GB/40.0 GiB)
[    6.827874] sd 2:0:0:0: [sda] Write Protect is off
[    6.829711] sd 2:0:1:0: Attached scsi generic sg1 type 0
[    6.831056] sd 2:0:1:0: [sdb] 20480 512-byte logical blocks: (10.5 MB/10.0 MiB)
[    6.834809] sd 2:0:0:0: [sda] Incomplete mode parameter data
[    6.834810] sd 2:0:0:0: [sda] Assuming drive cache: write through
[    6.835521]  sda: sda1
[    6.837839] sd 2:0:1:0: [sdb] Write Protect is off
[    6.838455] sd 2:0:0:0: [sda] Attached SCSI disk
[    6.839860] sd 2:0:1:0: [sdb] Incomplete mode parameter data
[    6.840855] sd 2:0:1:0: [sdb] Assuming drive cache: write through
[    6.844724] sd 2:0:1:0: [sdb] Attached SCSI disk
Begin: Loading essential drivers ... [    8.384078] raid6: sse2x1   gen()  8229 MB/s
[    8.432049] raid6: sse2x1   xor()  7423 MB/s
[    8.480096] raid6: sse2x2   gen() 13109 MB/s
[    8.528070] raid6: sse2x2   xor()  6968 MB/s
[    8.576030] raid6: sse2x4   gen() 15673 MB/s
[    8.624067] raid6: sse2x4   xor()  8970 MB/s
[    8.672057] raid6: avx2x1   gen() 20074 MB/s
[    8.720054] raid6: avx2x1   xor() 14723 MB/s
[    8.768042] raid6: avx2x2   gen() 23429 MB/s
[    8.816029] raid6: avx2x2   xor() 12801 MB/s
[    8.864038] raid6: avx2x4   gen() 28985 MB/s
[    8.912092] raid6: avx2x4   xor() 13946 MB/s
[    8.913157] raid6: using algorithm avx2x4 gen() 28985 MB/s
[    8.914333] raid6: .... xor() 13946 MB/s, rmw enabled
[    8.915158] raid6: using avx2x2 recovery algorithm
[    8.916700] xor: automatically using best checksumming function   avx       
[    8.918550] async_tx: api initialized (async)
done.
Begin: Running /scripts/init-premount ... done.
Begin: Mounting root file system ... Begin: Running /scripts/local-top ... done.
Begin: Running /scripts/local-premount ... [    8.961632] Btrfs loaded, crc32c=crc32c-intel
Scanning for Btrfs filesystems
done.
Begin: Will now check root file system ... fsck from util-linux 2.31.1
[/sbin/fsck.ext4 (1) -- /dev/sda1] fsck.ext4 -a -C0 /dev/sda1 
cloudimg-rootfs: clean, 103389/5120000 files, 1040139/10485499 blocks
done.
[    9.003238] EXT4-fs (sda1): mounted filesystem with ordered data mode. Opts: (null)
done.
Begin: Running /scripts/local-bottom ... done.
Begin: Running /scripts/init-bottom ... done.
[    9.294148] ip_tables: (C) 2000-2006 Netfilter Core Team
[    9.305450] systemd[1]: systemd 237 running in system mode. (+PAM +AUDIT +SELINUX +IMA +APPARMOR +SMACK +SYSVINIT +UTMP +LIBCRYPTSETUP +GCRYPT +GNUTLS +ACL +XZ +LZ4 +SECCOMP +BLKID +ELFUTILS +KMOD -IDN2 +IDN -PCRE2 default-hierarchy=hybrid)
[    9.309248] systemd[1]: Detected virtualization oracle.
[    9.310089] systemd[1]: Detected architecture x86-64.

Welcome to [1mUbuntu 18.04.6 LTS[0m!

[    9.316391] systemd[1]: Set hostname to <kubenode02>.
[    9.622468] systemd[1]: Configuration file /lib/systemd/system/kubelet.service is marked world-inaccessible. This has no effect as configuration data is accessible via APIs without restrictions. Proceeding anyway.
[    9.630299] systemd[1]: Configuration file /etc/systemd/system/kubelet.service.d/10-kubeadm.conf is marked world-inaccessible. This has no effect as configuration data is accessible via APIs without restrictions. Proceeding anyway.
[    9.701583] systemd[1]: Started Forward Password Requests to Wall Directory Watch.
[[0;32m  OK  [0m] Started Forward Password Requests to Wall Directory Watch.
[    9.705857] systemd[1]: Created slice User and Session Slice.
[[0;32m  OK  [0m] Created slice User and Session Slice.
[    9.707684] systemd[1]: Set up automount Arbitrary Executable File Formats File System Automount Point.
[[0;32m  OK  [0m] Set up automount Arbitrary Executabâ€¦rmats File System Automount Point.
[    9.710368] systemd[1]: Reached target System Time Synchronized.
[[0;32m  OK  [0m] Reached target System Time Synchronized.
[[0;32m  OK  [0m] Created slice System Slice.
[[0;32m  OK  [0m] Listening on fsck to fsckd communication Socket.
[[0;32m  OK  [0m] Listening on udev Control Socket.
[[0;32m  OK  [0m] Created slice system-serial\x2dgetty.slice.
[[0;32m  OK  [0m] Listening on Journal Audit Socket.
[[0;32m  OK  [0m] Listening on /dev/initctl Compatibility Named Pipe.
[[0;32m  OK  [0m] Listening on Device-mapper event daemon FIFOs.
[[0;32m  OK  [0m] Listening on udev Kernel Socket.
[[0;32m  OK  [0m] Listening on LVM2 poll daemon socket.
[[0;32m  OK  [0m] Listening on Journal Socket.
         Starting Set the console keyboard layout...
         Mounting Huge Pages File System...
         Starting Remount Root and Kernel File Systems...
         Starting Create list of required stâ€¦ce nodes for the current kernel...
         Mounting Kernel Debug File System...
         Mounting POSIX Message Queue File System...
         Starting udev Coldplug all Devices...
[[0;32m  OK  [0m] Listening on Syslog Socket.
[[0;32m  OK  [0m] Reached target Slices.
[[0;32m  OK  [0m] Reached target Swap.
[    9.783431] EXT4-fs (sda1): re-mounted. Opts: (null)
[[0;32m  OK  [0m] Listening on LVM2 metadata daemon socket.
         Starting Monitoring of LVM2 mirrorsâ€¦ng dmeventd or progress polling...
[[0;32m  OK  [0m] Listening on Network Service Netlink Socket.
         Starting Uncomplicated firewall...
         Starting Load Kernel Modules...
[[0;32m  OK  [0m] Reached target User and Group Name Lookups.
[[0;32m  OK  [0m] Listening on Journal Socket (/dev/log).
         Starting Journal Service...
[[0;32m  OK  [0m] Mounted Huge Pages File System.
[[0;32m  OK  [0m] Started Remount Root and Kernel File Systems.
[[0;32m  OK  [0m] Started Create list of required staâ€¦vice nodes for the current kernel.
[[0;32m  OK  [0m] Mounted Kernel Debug File System.
[[0;32m  OK  [0m] Mounted POSIX Message Queue File System.
[[0;32m  OK  [0m] Started Uncomplicated firewall.
         Starting Create Static Device Nodes in /dev...
         Starting Load/Save Random Seed...
[    9.845645] Loading iSCSI transport class v2.0-870.
[    9.859161] iscsi: registered transport (tcp)
[[0;32m  OK  [0m] Started Journal Service.
[[0;32m  OK  [0m] Started udev Coldplug all Devices.
[[0;32m  OK  [0m] Started Load/Save Random Seed.
         Starting Flush Journal to Persistent Storage...
[[0;32m  OK  [0m] Started Set the console keyboard layout.
[    9.952446] systemd-journald[424]: Received request to flush runtime journal from PID 1
[[0;32m  OK  [0m] Started Create Static Device Nodes in /dev.
         Starting udev Kernel Device Manager...
[[0;32m  OK  [0m] Started LVM2 metadata daemon.
[    9.986420] iscsi: registered transport (iser)
[[0;32m  OK  [0m] Started Load Kernel Modules.
         Starting Apply Kernel Variables...
         Mounting Kernel Configuration File System...
         Mounting FUSE Control File System...
[[0;32m  OK  [0m] Mounted Kernel Configuration File System.
[[0;32m  OK  [0m] Mounted FUSE Control File System.
[[0;32m  OK  [0m] Started udev Kernel Device Manager.
[[0;32m  OK  [0m] Started Dispatch Password Requests to Console Directory Watch.
[[0;32m  OK  [0m] Reached target Local Encrypted Volumes.
[[0;32m  OK  [0m] Started Apply Kernel Variables.
[[0;32m  OK  [0m] Started Monitoring of LVM2 mirrors,â€¦sing dmeventd or progress polling.
[[0;32m  OK  [0m] Reached target Local File Systems (Pre).
[[0;32m  OK  [0m] Reached target Local File Systems.
         Starting AppArmor initialization...
         Starting ebtables ruleset management...
         Starting Tell Plymouth To Write Out Runtime Data...
         Starting Set console font and keymap...
[[0;32m  OK  [0m] Started Tell Plymouth To Write Out Runtime Data.
[[0;32m  OK  [0m] Started Set console font and keymap.
[[0;32m  OK  [0m] Started Flush Journal to Persistent Storage.
         Starting Create Volatile Files and Directories...
[[0;32m  OK  [0m] Started Create Volatile Files and Directories.
         Starting Update UTMP about System Boot/Shutdown...
[[0;32m  OK  [0m] Started Update UTMP about System Boot/Shutdown.
[[0;32m  OK  [0m] Started ebtables ruleset management.
[[0;32m  OK  [0m] Found device /dev/ttyS0.
[[0;32m  OK  [0m] Listening on Load/Save RF Kill Switch Status /dev/rfkill Watch.
[[0;32m  OK  [0m] Started AppArmor initialization.
         Starting Initial cloud-init job (pre-networking)...
         Starting Load AppArmor profiles managed internally by snapd...
[[0;32m  OK  [0m] Started Load AppArmor profiles managed internally by snapd.
[   12.086122] cloud-init[557]: Cloud-init v. 22.2-0ubuntu1~18.04.3 running 'init-local' at Fri, 21 Oct 2022 10:33:20 +0000. Up 11.89 seconds.
[[0;32m  OK  [0m] Started Initial cloud-init job (pre-networking).
[[0;32m  OK  [0m] Reached target Network (Pre).
         Starting Network Service...
[[0;32m  OK  [0m] Started Network Service.
         Starting Network Name Resolution...
         Starting Wait for Network to be Configured...
[[0;32m  OK  [0m] Started Network Name Resolution.
[[0;32m  OK  [0m] Reached target Host and Network Name Lookups.
[[0;32m  OK  [0m] Reached target Network.
[[0;32m  OK  [0m] Started Wait for Network to be Configured.
         Starting Initial cloud-init job (metadata service crawler)...
[   14.324626] cloud-init[678]: Cloud-init v. 22.2-0ubuntu1~18.04.3 running 'init' at Fri, 21 Oct 2022 10:33:22 +0000. Up 14.20 seconds.
[   14.325497] cloud-init[678]: ci-info: ++++++++++++++++++++++++++++++++++++++Net device info+++++++++++++++++++++++++++++++++++++++
[   14.326329] cloud-init[678]: ci-info: +--------+------+-----------------------------+---------------+--------+-------------------+
[   14.327563] cloud-init[678]: ci-info: | Device |  Up  |           Address           |      Mask     | Scope  |     Hw-Address    |
[   14.328784] cloud-init[678]: ci-info: +--------+------+-----------------------------+---------------+--------+-------------------+
[   14.329734] cloud-init[678]: ci-info: | enp0s3 | True |          10.0.2.15          | 255.255.255.0 | global | 02:a0:66:c7:c8:08 |
[   14.330789] cloud-init[678]: ci-info: | enp0s3 | True |  fe80::a0:66ff:fec7:c808/64 |       .       |  link  | 02:a0:66:c7:c8:08 |
[   14.331502] cloud-init[678]: ci-info: | enp0s8 | True |         192.168.56.4        | 255.255.255.0 | global | 08:00:27:08:5e:13 |
[   14.332285] cloud-init[678]: ci-info: | enp0s8 | True | fe80::a00:27ff:fe08:5e13/64 |       .       |  link  | 08:00:27:08:5e:13 |
[   14.332982] cloud-init[678]: ci-info: |   lo   | True |          127.0.0.1          |   255.0.0.0   |  host  |         .         |
[   14.333756] cloud-init[678]: ci-info: |   lo   | True |           ::1/128           |       .       |  host  |         .         |
[   14.334524] cloud-init[678]: ci-info: +--------+------+-----------------------------+---------------+--------+-------------------+
[   14.335247] cloud-init[678]: ci-info: +++++++++++++++++++++++++++++Route IPv4 info+++++++++++++++++++++++++++++
[   14.344246] cloud-init[678]: ci-info: +-------+--------------+----------+-----------------+-----------+-------+
[   14.345054] cloud-init[678]: ci-info: | Route | Destination  | Gateway  |     Genmask     | Interface | Flags |
[   14.345925] cloud-init[678]: ci-info: +-------+--------------+----------+-----------------+-----------+-------+
[   14.346597] cloud-init[678]: ci-info: |   0   |   0.0.0.0    | 10.0.2.2 |     0.0.0.0     |   enp0s3  |   UG  |
[   14.347390] cloud-init[678]: ci-info: |   1   |   10.0.2.0   | 0.0.0.0  |  255.255.255.0  |   enp0s3  |   U   |
[   14.348238] cloud-init[678]: ci-info: |   2   |   10.0.2.2   | 0.0.0.0  | 255.255.255.255 |   enp0s3  |   UH  |
[   14.348956] cloud-init[678]: ci-info: |   3   | 192.168.56.0 | 0.0.0.0  |  255.255.255.0  |   enp0s8  |   U   |
[   14.349625] cloud-init[678]: ci-info: +-------+--------------+----------+-----------------+-----------+-------+
[   14.350299] cloud-init[678]: ci-info: +++++++++++++++++++Route IPv6 info+++++++++++++++++++
[   14.351012] cloud-init[678]: ci-info: +-------+-------------+---------+-----------+-------+
[   14.351648] cloud-init[678]: ci-info: | Route | Destination | Gateway | Interface | Flags |
[   14.352423] cloud-init[678]: ci-info: +-------+-------------+---------+-----------+-------+
[   14.353063] cloud-init[678]: ci-info: |   1   |  fe80::/64  |    ::   |   enp0s8  |   U   |
[   14.368256] cloud-init[678]: ci-info: |   2   |  fe80::/64  |    ::   |   enp0s3  |   U   |
[   14.368795] cloud-init[678]: ci-info: |   4   |    local    |    ::   |   enp0s3  |   U   |
[   14.369292] cloud-init[678]: ci-info: |   5   |    local    |    ::   |   enp0s8  |   U   |
[   14.369906] cloud-init[678]: ci-info: |   6   |   ff00::/8  |    ::   |   enp0s8  |   U   |
[   14.370796] cloud-init[678]: ci-info: |   7   |   ff00::/8  |    ::   |   enp0s3  |   U   |
[   14.371441] cloud-init[678]: ci-info: +-------+-------------+---------+-----------+-------+
[[0;32m  OK  [0m] Started Initial cloud-init job (metadata service crawler).
[[0;32m  OK  [0m] Reached target System Initialization.
[[0;32m  OK  [0m] Listening on Open-iSCSI iscsid Socket.
[[0;32m  OK  [0m] Started Daily apt download activities.
[[0;32m  OK  [0m] Started Daily apt upgrade and clean activities.
[[0;32m  OK  [0m] Listening on UUID daemon activation socket.
         Starting Socket activation for snappy daemon.
[[0;32m  OK  [0m] Started Ubuntu Advantage Timer for running repeated jobs.
[[0;32m  OK  [0m] Listening on cloud-init hotplug hook socket.
[[0;32m  OK  [0m] Listening on ACPID Listen Socket.
         Starting Docker Socket for the API.
         Starting LXD - unix socket.
[[0;32m  OK  [0m] Started ACPI Events Check.
[[0;32m  OK  [0m] Reached target Paths.
[[0;32m  OK  [0m] Started Discard unused blocks once a week.
[[0;32m  OK  [0m] Started Message of the Day.
[[0;32m  OK  [0m] Started Daily Cleanup of Temporary Directories.
[[0;32m  OK  [0m] Reached target Timers.
[[0;32m  OK  [0m] Listening on D-Bus System Message Bus Socket.
[[0;32m  OK  [0m] Reached target Cloud-config availability.
[[0;32m  OK  [0m] Reached target Network is Online.
         Starting Availability of block devices...
[[0;32m  OK  [0m] Reached target Remote File Systems (Pre).
[[0;32m  OK  [0m] Reached target Remote File Systems.
[[0;32m  OK  [0m] Listening on Socket activation for snappy daemon.
[[0;32m  OK  [0m] Listening on Docker Socket for the API.
[[0;32m  OK  [0m] Listening on LXD - unix socket.
[[0;32m  OK  [0m] Started Availability of block devices.
[[0;32m  OK  [0m] Reached target Sockets.
[[0;32m  OK  [0m] Reached target Basic System.
[[0;32m  OK  [0m] Started irqbalance daemon.
         Starting System Logging Service...
[[0;32m  OK  [0m] Started D-Bus System Message Bus.
         Starting LSB: automatic crash report generation...
         Starting Accounts Service...
         Starting Login Service...
         Starting LXD - container startup/shutdown...
         Starting Permit User Sessions...
[[0;32m  OK  [0m] Started Deferred execution scheduler.
         Starting LSB: Record successful boot for GRUB...
[[0;32m  OK  [0m] Started Regular background program processing daemon.
         Starting Dispatcher daemon for systemd-networkd...
         Starting containerd container runtime...
         Starting OpenBSD Secure Shell server...
         Starting Virtualbox guest utils...
[[0;32m  OK  [0m] Started FUSE filesystem for LXC.
[[0;32m  OK  [0m] Started kubelet: The Kubernetes Node Agent.
         Starting Snap Daemon...
[[0;32m  OK  [0m] Started System Logging Service.
[[0;32m  OK  [0m] Started Permit User Sessions.
[[0;32m  OK  [0m] Started Login Service.
[[0;32m  OK  [0m] Started OpenBSD Secure Shell server.
         Starting Authorization Manager...
[[0;32m  OK  [0m] Started Unattended Upgrades Shutdown.
         Starting Terminate Plymouth Boot Screen...
         Starting Hold until boot process finishes up...
[[0;32m  OK  [0m] Started Terminate Plymouth Boot Screen.
[[0;32m  OK  [0m] Started Hold until boot process finishes up.
[[0;32m  OK  [0m] Started Serial Getty on ttyS0.
         Starting Set console scheme...
[[0;32m  OK  [0m] Started Set console scheme.
[[0;32m  OK  [0m] Started Dispatcher daemon for systemd-networkd.
[[0;32m  OK  [0m] Created slice system-getty.slice.
[[0;32m  OK  [0m] Started Getty on tty1.
[[0;32m  OK  [0m] Reached target Login Prompts.
[[0;32m  OK  [0m] Started Authorization Manager.
[[0;32m  OK  [0m] Started Accounts Service.
[[0;32m  OK  [0m] Started LSB: Record successful boot for GRUB.
[[0;32m  OK  [0m] Started LSB: automatic crash report generation.
[[0;32m  OK  [0m] Started LXD - container startup/shutdown.
[[0;32m  OK  [0m] Started Virtualbox guest utils.
[[0;32m  OK  [0m] Started containerd container runtime.
         Starting Docker Application Container Engine...
[[0;32m  OK  [0m] Started Snap Daemon.
         Starting Wait until snapd is fully seeded...
         Starting Time & Date Service...
[[0;32m  OK  [0m] Started Time & Date Service.
[[0;32m  OK  [0m] Started Wait until snapd is fully seeded.
         Starting Apply the settings specified in cloud-config...
[   18.434879] cloud-init[1309]: Cloud-init v. 22.2-0ubuntu1~18.04.3 running 'modules:config' at Fri, 21 Oct 2022 10:33:26 +0000. Up 18.28 seconds.
[[0;32m  OK  [0m] Started Apply the settings specified in cloud-config.
[[0;32m  OK  [0m] Created slice libcontainer container kubepods.slice.
[[0;32m  OK  [0m] Created slice libcontainer container kubepods-burstable.slice.
[[0;32m  OK  [0m] Created slice libcontainer container kubepods-besteffort.slice.
[[0;32m  OK  [0m] Created slice User Slice of vagrant.
         Starting User Manager for UID 1000...
[[0;32m  OK  [0m] Started Session 1 of user vagrant.
[[0;32m  OK  [0m] Started User Manager for UID 1000.
[[0;32m  OK  [0m] Created slice libcontainer containeâ€¦2340_4f9a_8197_e4846f43b322.slice.
[[0;32m  OK  [0m] Created slice libcontainer containeâ€¦cdd1_4e68_917a_b35bb2ea12f9.slice.

[   21.445986] cloud-init[1745]: Cloud-init v. 22.2-0ubuntu1~18.04.3 running 'modules:final' at Fri, 21 Oct 2022 10:33:29 +0000. Up 21.12 seconds.
[   21.447345] cloud-init[1745]: Cloud-init v. 22.2-0ubuntu1~18.04.3 finished at Fri, 21 Oct 2022 10:33:30 +0000. Datasource DataSourceNoCloud [seed=/dev/sdb][dsmode=net].  Up 21.43 seconds
Ubuntu 18.04.6 LTS kubenode02 ttyS0

kubenode02 login: 